// Jest Snapshot v1, https://goo.gl/fbAQLP

exports[`Matching pipeline characterization (e2e) canonical products 1`] = `
[
  "graphics-cards | asus-rtx-5060-asus-dual-geforce-rtx-5060-8gb-oc | brand=ASUS model=RTX 5060 tier=ULTRA_PREMIUM listings=1 covered=no",
  "graphics-cards | asus-rtx-5060-ti-asus-dual-geforce-rtx-5060-ti-16gb-oc | brand=ASUS model=RTX 5060 Ti tier=ULTRA_PREMIUM listings=3 covered=no",
  "graphics-cards | gigabyte-rtx-5060-ti-gigabyte-rtx-5060-ti-16gb-gaming-oc | brand=Gigabyte model=RTX 5060 Ti tier=ULTRA_PREMIUM listings=1 covered=no",
  "laptops | apple-macbook-air-13-apple-macbook-air-13-inch-m4-16gb-512gb-midnight | brand=Apple model=MacBook Air 13 tier=ULTRA_PREMIUM listings=1 covered=no",
  "laptops | apple-macbook-air-13-apple-macbook-air-13-inch-m5-16gb-512gb-midnight | brand=Apple model=MacBook Air 13 tier=ULTRA_PREMIUM listings=1 covered=no",
  "laptops | apple-macbook-air-15-apple-macbook-air-15-inch-m4-16gb-512gb-midnight | brand=Apple model=MacBook Air 15 tier=ULTRA_PREMIUM listings=1 covered=no",
  "laptops | hp-rtx-4050-hp-victus-15-fa1000-laptop-core-i5-16gb-512gb-rtx-4050 | brand=HP model=RTX 4050 tier=ULTRA_PREMIUM listings=2 covered=no",
  "laptops | lenovo-rtx-5050-lenovo-loq-15-gaming-laptop-rtx-5050-16gb-512gb | brand=Lenovo model=RTX 5050 tier=ULTRA_PREMIUM listings=2 covered=no",
  "laptops | msi-rtx-5050-msi-geforce-rtx-5050-ventus-2x-8gb-oc-graphics-card | brand=MSI model=RTX 5050 tier=ULTRA_PREMIUM listings=1 covered=no",
  "smartphones | apple-iphone-16-pro-apple-iphone-16-pro-256gb-black-titanium | brand=Apple model=iPhone 16 Pro tier=ULTRA_PREMIUM listings=1 covered=no",
  "smartphones | apple-iphone-16-pro-apple-iphone-16-pro-256gb-desert-titanium | brand=Apple model=iPhone 16 Pro tier=ULTRA_PREMIUM listings=3 covered=no",
  "smartphones | apple-iphone-16-pro-max-apple-iphone-16-pro-max-256gb-desert-titanium | brand=Apple model=iPhone 16 Pro Max tier=ULTRA_PREMIUM listings=1 covered=no",
  "smartphones | honor-x9c-honor-x9c-5g-dual-sim-12gb-256gb-black | brand=Honor model=x9c tier=ULTRA_PREMIUM listings=3 covered=no",
  "smartphones | nokia-105-nokia-105-feature-phone-dual-sim | brand=Nokia model=105 tier=MID_RANGE listings=3 covered=no",
  "smartphones | oppo-a6-oppo-a6-8gb-ram-256gb-sapphire-blue | brand=OPPO model=a6 tier=ULTRA_PREMIUM listings=2 covered=no",
  "smartphones | samsung-galaxy-a57-samsung-galaxy-a57-5g-128gb-8gb-ram-navy | brand=Samsung model=Galaxy A57 tier=ULTRA_PREMIUM listings=1 covered=no",
  "smartphones | samsung-galaxy-a57-samsung-galaxy-a57-5g-256gb-awesome-lilac | brand=Samsung model=Galaxy A57 tier=ULTRA_PREMIUM listings=1 covered=no",
  "smartphones | samsung-galaxy-a57-samsung-galaxy-a57-5g-8gb-ram-256gb-navy | brand=Samsung model=Galaxy A57 tier=ULTRA_PREMIUM listings=6 covered=no",
  "smartphones | samsung-galaxy-a57-samsung-galaxy-a57-5g-dual-sim-256gb-12gb-ram-awesome-gray | brand=Samsung model=Galaxy A57 tier=ULTRA_PREMIUM listings=3 covered=no",
  "smartphones | xiaomi-redmi-note-14-xiaomi-redmi-note-14-pro-8gb-ram-256gb-black | brand=Xiaomi model=redmi note 14 tier=ULTRA_PREMIUM listings=3 covered=no",
  "smartphones | xiaomi-redmi-note-14-xiaomi-redmi-note-14-pro-8gb-ram-256gb-black-refurbished | brand=Xiaomi model=redmi note 14 tier=ULTRA_PREMIUM listings=1 covered=no",
]
`;

exports[`Matching pipeline characterization (e2e) ingestion reports 1`] = `
{
  "coverageSweep": {
    "expanded": 75,
    "scanned": 75,
    "stamped": 75,
  },
  "graphicsCard": {
    "platforms": [
      {
        "canonicalProductsCreated": 1,
        "canonicalProductsMatched": 0,
        "listingsDiscovered": 1,
        "listingsUpserted": 1,
        "platformName": "2B Egypt",
        "platformSlug": "2b",
        "priceHistoryEntries": 1,
        "queriesRun": 1,
      },
      {
        "canonicalProductsCreated": 1,
        "canonicalProductsMatched": 1,
        "listingsDiscovered": 2,
        "listingsUpserted": 2,
        "platformName": "Amazon",
        "platformSlug": "amazon",
        "priceHistoryEntries": 2,
        "queriesRun": 1,
      },
      {
        "canonicalProductsCreated": 0,
        "canonicalProductsMatched": 1,
        "listingsDiscovered": 1,
        "listingsUpserted": 1,
        "platformName": "Jumia",
        "platformSlug": "jumia",
        "priceHistoryEntries": 1,
        "queriesRun": 1,
      },
      {
        "canonicalProductsCreated": 1,
        "canonicalProductsMatched": 0,
        "listingsDiscovered": 1,
        "listingsUpserted": 1,
        "platformName": "Noon",
        "platformSlug": "noon",
        "priceHistoryEntries": 1,
        "queriesRun": 1,
      },
    ],
    "skippedPlatforms": [],
  },
  "laptop": {
    "platforms": [
      {
        "canonicalProductsCreated": 1,
        "canonicalProductsMatched": 0,
        "listingsDiscovered": 1,
        "listingsUpserted": 1,
        "platformName": "2B Egypt",
        "platformSlug": "2b",
        "priceHistoryEntries": 1,
        "queriesRun": 1,
      },
      {
        "canonicalProductsCreated": 2,
        "canonicalProductsMatched": 2,
        "listingsDiscovered": 3,
        "listingsUpserted": 4,
        "platformName": "Amazon",
        "platformSlug": "amazon",
        "priceHistoryEntries": 3,
        "queriesRun": 1,
      },
      {
        "canonicalProductsCreated": 2,
        "canonicalProductsMatched": 2,
        "listingsDiscovered": 3,
        "listingsUpserted": 4,
        "platformName": "Jumia",
        "platformSlug": "jumia",
        "priceHistoryEntries": 3,
        "queriesRun": 1,
      },
      {
        "canonicalProductsCreated": 1,
        "canonicalProductsMatched": 0,
        "listingsDiscovered": 1,
        "listingsUpserted": 1,
        "platformName": "Noon",
        "platformSlug": "noon",
        "priceHistoryEntries": 1,
        "queriesRun": 1,
      },
    ],
    "skippedPlatforms": [],
  },
  "smartphone": {
    "platforms": [
      {
        "canonicalProductsCreated": 3,
        "canonicalProductsMatched": 5,
        "listingsDiscovered": 4,
        "listingsUpserted": 8,
        "platformName": "2B Egypt",
        "platformSlug": "2b",
        "priceHistoryEntries": 4,
        "queriesRun": 1,
      },
      {
        "canonicalProductsCreated": 5,
        "canonicalProductsMatched": 5,
        "listingsDiscovered": 8,
        "listingsUpserted": 10,
        "platformName": "Amazon",
        "platformSlug": "amazon",
        "priceHistoryEntries": 6,
        "queriesRun": 1,
      },
      {
        "canonicalProductsCreated": 3,
        "canonicalProductsMatched": 13,
        "listingsDiscovered": 11,
        "listingsUpserted": 16,
        "platformName": "Jumia",
        "platformSlug": "jumia",
        "priceHistoryEntries": 11,
        "queriesRun": 1,
      },
      {
        "canonicalProductsCreated": 1,
        "canonicalProductsMatched": 10,
        "listingsDiscovered": 8,
        "listingsUpserted": 11,
        "platformName": "Noon",
        "platformSlug": "noon",
        "priceHistoryEntries": 7,
        "queriesRun": 1,
      },
    ],
    "skippedPlatforms": [],
  },
  "smartphoneRepeat": {
    "platforms": [
      {
        "canonicalProductsCreated": 0,
        "canonicalProductsMatched": 1,
        "listingsDiscovered": 0,
        "listingsUpserted": 1,
        "platformName": "2B Egypt",
        "platformSlug": "2b",
        "priceHistoryEntries": 0,
        "queriesRun": 1,
      },
      {
        "canonicalProductsCreated": 0,
        "canonicalProductsMatched": 2,
        "listingsDiscovered": 3,
        "listingsUpserted": 2,
        "platformName": "Amazon",
        "platformSlug": "amazon",
        "priceHistoryEntries": 1,
        "queriesRun": 1,
      },
      {
        "canonicalProductsCreated": 0,
        "canonicalProductsMatched": 0,
        "listingsDiscovered": 1,
        "listingsUpserted": 0,
        "platformName": "Jumia",
        "platformSlug": "jumia",
        "priceHistoryEntries": 0,
        "queriesRun": 1,
      },
      {
        "canonicalProductsCreated": 0,
        "canonicalProductsMatched": 1,
        "listingsDiscovered": 1,
        "listingsUpserted": 1,
        "platformName": "Noon",
        "platformSlug": "noon",
        "priceHistoryEntries": 1,
        "queriesRun": 1,
      },
    ],
    "skippedPlatforms": [],
  },
}
`;

exports[`Matching pipeline characterization (e2e) listings never stored 1`] = `
[
  "2b/b4",
  "amazon/a11",
  "amazon/a12",
  "amazon/a3",
  "amazon/a40",
  "amazon/a5",
  "jumia/j9",
  "noon/n5",
  "noon/n6",
]
`;

exports[`Matching pipeline characterization (e2e) match decisions 1`] = `
[
  "2b/b1 ACCEPTED 0.98 live-ingestion-2b-v1 {"source":"2b","strategy":"new-canonical-product"} Created a new canonical product because no exact-safe match was found.",
  "2b/b1 ACCEPTED 1 live-ingestion-2b-v1 {"source":"2b","strategy":"exact-match"} Matched by exact identifier or conservative canonical title comparison.",
  "2b/b1 ACCEPTED 1 live-ingestion-2b-v1 {"source":"2b","strategy":"exact-match"} Matched by exact identifier or conservative canonical title comparison.",
  "2b/b2 ACCEPTED 0.98 live-ingestion-2b-v1 {"source":"2b","strategy":"new-canonical-product"} Created a new canonical product because no exact-safe match was found.",
  "2b/b2 ACCEPTED 1 live-ingestion-2b-v1 {"source":"2b","strategy":"exact-match"} Matched by exact identifier or conservative canonical title comparison.",
  "2b/b2 ACCEPTED 1 live-ingestion-2b-v1 {"source":"2b","strategy":"exact-match"} Matched by exact identifier or conservative canonical title comparison.",
  "2b/b20 ACCEPTED 0.98 live-ingestion-2b-v1 {"source":"2b","strategy":"new-canonical-product"} Created a new canonical product because no exact-safe match was found.",
  "2b/b3 ACCEPTED 0.98 live-ingestion-2b-v1 {"source":"2b","strategy":"new-canonical-product"} Created a new canonical product because no exact-safe match was found.",
  "2b/b30 ACCEPTED 0.98 live-ingestion-2b-v1 {"source":"2b","strategy":"new-canonical-product"} Created a new canonical product because no exact-safe match was found.",
  "2b/b40 ACCEPTED 1 live-ingestion-2b-v1 {"source":"2b","strategy":"exact-match"} Matched by exact identifier or conservative canonical title comparison.",
  "2b/b40 ACCEPTED 1 live-ingestion-2b-v1 {"source":"2b","strategy":"exact-match"} Matched by exact identifier or conservative canonical title comparison.",
  "amazon/a1 ACCEPTED 1 live-ingestion-amazon-v1 {"source":"amazon","strategy":"exact-match"} Matched by exact identifier or conservative canonical title comparison.",
  "amazon/a1 ACCEPTED 1 live-ingestion-amazon-v1 {"source":"amazon","strategy":"exact-match"} Matched by exact identifier or conservative canonical title comparison.",
  "amazon/a1 ACCEPTED 1 live-ingestion-amazon-v1 {"source":"amazon","strategy":"exact-match"} Matched by exact identifier or conservative canonical title comparison.",
  "amazon/a2 ACCEPTED 0.98 live-ingestion-amazon-v1 {"source":"amazon","strategy":"new-canonical-product"} Created a new canonical product because no exact-safe match was found.",
  "amazon/a2 ACCEPTED 1 live-ingestion-amazon-v1 {"source":"amazon","strategy":"exact-match"} Matched by exact identifier or conservative canonical title comparison.",
  "amazon/a20 ACCEPTED 0.98 live-ingestion-amazon-v1 {"source":"amazon","strategy":"new-canonical-product"} Created a new canonical product because no exact-safe match was found.",
  "amazon/a20 ACCEPTED 1 live-ingestion-amazon-v1 {"source":"amazon","strategy":"exact-match"} Matched by exact identifier or conservative canonical title comparison.",
  "amazon/a21 ACCEPTED 0.98 live-ingestion-amazon-v1 {"source":"amazon","strategy":"new-canonical-product"} Created a new canonical product because no exact-safe match was found.",
  "amazon/a22 ACCEPTED 1 live-ingestion-amazon-v1 {"source":"amazon","strategy":"exact-match"} Matched by exact identifier or conservative canonical title comparison.",
  "amazon/a30 ACCEPTED 1 live-ingestion-amazon-v1 {"source":"amazon","strategy":"exact-match"} Matched by exact identifier or conservative canonical title comparison.",
  "amazon/a31 ACCEPTED 0.98 live-ingestion-amazon-v1 {"source":"amazon","strategy":"new-canonical-product"} Created a new canonical product because no exact-safe match was found.",
  "amazon/a4 ACCEPTED 0.98 live-ingestion-amazon-v1 {"source":"amazon","strategy":"new-canonical-product"} Created a new canonical product because no exact-safe match was found.",
  "amazon/a4 ACCEPTED 1 live-ingestion-amazon-v1 {"source":"amazon","strategy":"exact-match"} Matched by exact identifier or conservative canonical title comparison.",
  "amazon/a4 ACCEPTED 1 live-ingestion-amazon-v1 {"source":"amazon","strategy":"exact-match"} Matched by exact identifier or conservative canonical title comparison.",
  "amazon/a6 ACCEPTED 0.98 live-ingestion-amazon-v1 {"source":"amazon","strategy":"new-canonical-product"} Created a new canonical product because no exact-safe match was found.",
  "amazon/a6 ACCEPTED 1 live-ingestion-amazon-v1 {"source":"amazon","strategy":"exact-match"} Matched by exact identifier or conservative canonical title comparison.",
  "amazon/a7 ACCEPTED 0.98 live-ingestion-amazon-v1 {"source":"amazon","strategy":"new-canonical-product"} Created a new canonical product because no exact-safe match was found.",
  "amazon/a8 ACCEPTED 0.98 live-ingestion-amazon-v1 {"source":"amazon","strategy":"new-canonical-product"} Created a new canonical product because no exact-safe match was found.",
  "jumia/j1 ACCEPTED 1 live-ingestion-jumia-v1 {"source":"jumia","strategy":"exact-match"} Matched by exact identifier or conservative canonical title comparison.",
  "jumia/j1 ACCEPTED 1 live-ingestion-jumia-v1 {"source":"jumia","strategy":"exact-match"} Matched by exact identifier or conservative canonical title comparison.",
  "jumia/j10 ACCEPTED 1 live-ingestion-jumia-v1 {"source":"jumia","strategy":"exact-match"} Matched by exact identifier or conservative canonical title comparison.",
  "jumia/j10 ACCEPTED 1 live-ingestion-jumia-v1 {"source":"jumia","strategy":"exact-match"} Matched by exact identifier or conservative canonical title comparison.",
  "jumia/j11 ACCEPTED 1 live-ingestion-jumia-v1 {"source":"jumia","strategy":"exact-match"} Matched by exact identifier or conservative canonical title comparison.",
  "jumia/j11 ACCEPTED 1 live-ingestion-jumia-v1 {"source":"jumia","strategy":"exact-match"} Matched by exact identifier or conservative canonical title comparison.",
  "jumia/j12 ACCEPTED 1 live-ingestion-jumia-v1 {"source":"jumia","strategy":"exact-match"} Matched by exact identifier or conservative canonical title comparison.",
  "jumia/j12 ACCEPTED 1 live-ingestion-jumia-v1 {"source":"jumia","strategy":"exact-match"} Matched by exact identifier or conservative canonical title comparison.",
  "jumia/j20 ACCEPTED 0.98 live-ingestion-jumia-v1 {"source":"jumia","strategy":"new-canonical-product"} Created a new canonical product because no exact-safe match was found.",
  "jumia/j20 ACCEPTED 1 live-ingestion-jumia-v1 {"source":"jumia","strategy":"exact-match"} Matched by exact identifier or conservative canonical title comparison.",
  "jumia/j21 ACCEPTED 1 live-ingestion-jumia-v1 {"source":"jumia","strategy":"exact-match"} Matched by exact identifier or conservative canonical title comparison.",
  "jumia/j22 ACCEPTED 0.98 live-ingestion-jumia-v1 {"source":"jumia","strategy":"new-canonical-product"} Created a new canonical product because no exact-safe match was found.",
  "jumia/j3 ACCEPTED 1 live-ingestion-jumia-v1 {"source":"jumia","strategy":"exact-match"} Matched by exact identifier or conservative canonical title comparison.",
  "jumia/j30 ACCEPTED 1 live-ingestion-jumia-v1 {"source":"jumia","strategy":"exact-match"} Matched by exact identifier or conservative canonical title comparison.",
  "jumia/j4 ACCEPTED 0.98 live-ingestion-jumia-v1 {"source":"jumia","strategy":"new-canonical-product"} Created a new canonical product because no exact-safe match was found.",
  "jumia/j40 ACCEPTED 1 live-ingestion-jumia-v1 {"source":"jumia","strategy":"exact-match"} Matched by exact identifier or conservative canonical title comparison.",
  "jumia/j5 ACCEPTED 0.98 live-ingestion-jumia-v1 {"source":"jumia","strategy":"new-canonical-product"} Created a new canonical product because no exact-safe match was found.",
  "jumia/j5 ACCEPTED 1 live-ingestion-jumia-v1 {"source":"jumia","strategy":"exact-match"} Matched by exact identifier or conservative canonical title comparison.",
  "jumia/j6 ACCEPTED 1 live-ingestion-jumia-v1 {"source":"jumia","strategy":"exact-match"} Matched by exact identifier or conservative canonical title comparison.",
  "jumia/j7 ACCEPTED 1 live-ingestion-jumia-v1 {"source":"jumia","strategy":"exact-match"} Matched by exact identifier or conservative canonical title comparison.",
  "jumia/j8 ACCEPTED 0.98 live-ingestion-jumia-v1 {"source":"jumia","strategy":"new-canonical-product"} Created a new canonical product because no exact-safe match was found.",
  "noon/n1 ACCEPTED 1 live-ingestion-noon-v1 {"source":"noon","strategy":"exact-match"} Matched by exact identifier or conservative canonical title comparison.",
  "noon/n1 ACCEPTED 1 live-ingestion-noon-v1 {"source":"noon","strategy":"exact-match"} Matched by exact identifier or conservative canonical title comparison.",
  "noon/n2 ACCEPTED 1 live-ingestion-noon-v1 {"source":"noon","strategy":"exact-match"} Matched by exact identifier or conservative canonical title comparison.",
  "noon/n2 ACCEPTED 1 live-ingestion-noon-v1 {"source":"noon","strategy":"exact-match"} Matched by exact identifier or conservative canonical title comparison.",
  "noon/n2 ACCEPTED 1 live-ingestion-noon-v1 {"source":"noon","strategy":"exact-match"} Matched by exact identifier or conservative canonical title comparison.",
  "noon/n20 ACCEPTED 0.98 live-ingestion-noon-v1 {"source":"noon","strategy":"new-canonical-product"} Created a new canonical product because no exact-safe match was found.",
  "noon/n3 ACCEPTED 1 live-ingestion-noon-v1 {"source":"noon","strategy":"exact-match"} Matched by exact identifier or conservative canonical title comparison.",
  "noon/n30 ACCEPTED 0.98 live-ingestion-noon-v1 {"source":"noon","strategy":"new-canonical-product"} Created a new canonical product because no exact-safe match was found.",
  "noon/n4 ACCEPTED 1 live-ingestion-noon-v1 {"source":"noon","strategy":"exact-match"} Matched by exact identifier or conservative canonical title comparison.",
  "noon/n4 ACCEPTED 1 live-ingestion-noon-v1 {"source":"noon","strategy":"exact-match"} Matched by exact identifier or conservative canonical title comparison.",
  "noon/n40 ACCEPTED 1 live-ingestion-noon-v1 {"source":"noon","strategy":"exact-match"} Matched by exact identifier or conservative canonical title comparison.",
  "noon/n7 ACCEPTED 1 live-ingestion-noon-v1 {"source":"noon","strategy":"exact-match"} Matched by exact identifier or conservative canonical title comparison.",
  "noon/n8 ACCEPTED 0.98 live-ingestion-noon-v1 {"source":"noon","strategy":"new-canonical-product"} Created a new canonical product because no exact-safe match was found.",
  "noon/n8 ACCEPTED 1 live-ingestion-noon-v1 {"source":"noon","strategy":"exact-match"} Matched by exact identifier or conservative canonical title comparison.",
]
`;

exports[`Matching pipeline characterization (e2e) where every listing landed 1`] = `
[
  "2b/b1 -> samsung-galaxy-a57-samsung-galaxy-a57-5g-8gb-ram-256gb-navy ACCEPTED conf=1 price=18650 history=1",
  "2b/b2 -> apple-iphone-16-pro-max-apple-iphone-16-pro-max-256gb-desert-titanium ACCEPTED conf=1 price=74999 history=1",
  "2b/b20 -> hp-rtx-4050-hp-victus-15-fa1000-laptop-core-i5-16gb-512gb-rtx-4050 ACCEPTED conf=0.98 price=45999 history=1",
  "2b/b3 -> honor-x9c-honor-x9c-5g-dual-sim-12gb-256gb-black ACCEPTED conf=0.98 price=16799 history=1",
  "2b/b30 -> asus-rtx-5060-ti-asus-dual-geforce-rtx-5060-ti-16gb-oc ACCEPTED conf=0.98 price=24500 history=1",
  "2b/b40 -> xiaomi-redmi-note-14-xiaomi-redmi-note-14-pro-8gb-ram-256gb-black ACCEPTED conf=1 price=15099 history=1",
  "amazon/a1 -> samsung-galaxy-a57-samsung-galaxy-a57-5g-8gb-ram-256gb-navy ACCEPTED conf=1 price=18499 history=2",
  "amazon/a2 -> samsung-galaxy-a57-samsung-galaxy-a57-5g-dual-sim-256gb-12gb-ram-awesome-gray ACCEPTED conf=1 price=21999 history=1",
  "amazon/a20 -> apple-macbook-air-13-apple-macbook-air-13-inch-m4-16gb-512gb-midnight ACCEPTED conf=1 price=64999 history=1",
  "amazon/a21 -> lenovo-rtx-5050-lenovo-loq-15-gaming-laptop-rtx-5050-16gb-512gb ACCEPTED conf=0.98 price=54999 history=1",
  "amazon/a22 -> hp-rtx-4050-hp-victus-15-fa1000-laptop-core-i5-16gb-512gb-rtx-4050 ACCEPTED conf=1 price=44999 history=1",
  "amazon/a30 -> asus-rtx-5060-ti-asus-dual-geforce-rtx-5060-ti-16gb-oc ACCEPTED conf=1 price=24999 history=1",
  "amazon/a31 -> asus-rtx-5060-asus-dual-geforce-rtx-5060-8gb-oc ACCEPTED conf=0.98 price=17999 history=1",
  "amazon/a4 -> apple-iphone-16-pro-apple-iphone-16-pro-256gb-desert-titanium ACCEPTED conf=1 price=64999 history=1",
  "amazon/a6 -> xiaomi-redmi-note-14-xiaomi-redmi-note-14-pro-8gb-ram-256gb-black ACCEPTED conf=1 price=14999 history=1",
  "amazon/a7 -> nokia-105-nokia-105-feature-phone-dual-sim ACCEPTED conf=0.98 price=510 history=1",
  "amazon/a8 -> oppo-a6-oppo-a6-8gb-ram-256gb-sapphire-blue ACCEPTED conf=0.98 price=11999 history=1",
  "jumia/j1 -> samsung-galaxy-a57-samsung-galaxy-a57-5g-8gb-ram-256gb-navy REJECTED conf=1 price=18299 history=1",
  "jumia/j10 -> samsung-galaxy-a57-samsung-galaxy-a57-5g-8gb-ram-256gb-navy ACCEPTED conf=1 price=18399 history=1",
  "jumia/j11 -> samsung-galaxy-a57-samsung-galaxy-a57-5g-dual-sim-256gb-12gb-ram-awesome-gray ACCEPTED conf=1 price=21499 history=1",
  "jumia/j12 -> samsung-galaxy-a57-samsung-galaxy-a57-5g-dual-sim-256gb-12gb-ram-awesome-gray ACCEPTED conf=1 price=21599 history=1",
  "jumia/j20 -> apple-macbook-air-13-apple-macbook-air-13-inch-m5-16gb-512gb-midnight ACCEPTED conf=1 price=69999 history=1",
  "jumia/j21 -> lenovo-rtx-5050-lenovo-loq-15-gaming-laptop-rtx-5050-16gb-512gb ACCEPTED conf=1 price=55999 history=1",
  "jumia/j22 -> apple-macbook-air-15-apple-macbook-air-15-inch-m4-16gb-512gb-midnight ACCEPTED conf=0.98 price=74999 history=1",
  "jumia/j3 -> apple-iphone-16-pro-apple-iphone-16-pro-256gb-desert-titanium ACCEPTED conf=1 price=63999 history=1",
  "jumia/j30 -> asus-rtx-5060-ti-asus-dual-geforce-rtx-5060-ti-16gb-oc ACCEPTED conf=1 price=25499 history=1",
  "jumia/j4 -> apple-iphone-16-pro-apple-iphone-16-pro-256gb-black-titanium ACCEPTED conf=0.98 price=64500 history=1",
  "jumia/j40 -> nokia-105-nokia-105-feature-phone-dual-sim ACCEPTED conf=1 price=530 history=1",
  "jumia/j5 -> xiaomi-redmi-note-14-xiaomi-redmi-note-14-pro-8gb-ram-256gb-black-refurbished ACCEPTED conf=1 price=9999 history=1",
  "jumia/j6 -> oppo-a6-oppo-a6-8gb-ram-256gb-sapphire-blue ACCEPTED conf=1 price=12199 history=1",
  "jumia/j7 -> honor-x9c-honor-x9c-5g-dual-sim-12gb-256gb-black ACCEPTED conf=1 price=16999 history=1",
  "jumia/j8 -> samsung-galaxy-a57-samsung-galaxy-a57-5g-128gb-8gb-ram-navy ACCEPTED conf=0.98 price=16999 history=1",
  "noon/n1 -> samsung-galaxy-a57-samsung-galaxy-a57-5g-8gb-ram-256gb-navy ACCEPTED conf=1 price=18799 history=1",
  "noon/n2 -> apple-iphone-16-pro-apple-iphone-16-pro-256gb-desert-titanium ACCEPTED conf=1 price=64999 history=2",
  "noon/n20 -> msi-rtx-5050-msi-geforce-rtx-5050-ventus-2x-8gb-oc-graphics-card ACCEPTED conf=0.98 price=15999 history=1",
  "noon/n3 -> honor-x9c-honor-x9c-5g-dual-sim-12gb-256gb-black ACCEPTED conf=1 price=17499 history=1",
  "noon/n30 -> gigabyte-rtx-5060-ti-gigabyte-rtx-5060-ti-16gb-gaming-oc ACCEPTED conf=0.98 price=26999 history=1",
  "noon/n4 -> xiaomi-redmi-note-14-xiaomi-redmi-note-14-pro-8gb-ram-256gb-black ACCEPTED conf=1 price=15299 history=1",
  "noon/n40 -> nokia-105-nokia-105-feature-phone-dual-sim ACCEPTED conf=1 price=520 history=1",
  "noon/n7 -> samsung-galaxy-a57-samsung-galaxy-a57-5g-8gb-ram-256gb-navy ACCEPTED conf=1 price=18899 history=1",
  "noon/n8 -> samsung-galaxy-a57-samsung-galaxy-a57-5g-256gb-awesome-lilac ACCEPTED conf=1 price=19999 history=1",
]
`;
